D:\MCU_XPRESSS\Capstone_Project\CMSIS/core_cm0plus.h:745:22:NVIC_EnableIRQ	16	static
D:\MCU_XPRESSS\Capstone_Project\CMSIS/core_cm0plus.h:791:22:NVIC_ClearPendingIRQ	16	static
D:\MCU_XPRESSS\Capstone_Project\CMSIS/core_cm0plus.h:804:22:NVIC_SetPriority	24	static
../source/OLED_FACE.c:9:6:Init_SPI1	8	static
../source/OLED_FACE.c:67:6:Init_OLED	8	static
../source/OLED_FACE.c:107:6:write_command	16	static
../source/OLED_FACE.c:113:6:write_16_data	32	static
../source/OLED_FACE.c:121:6:write_data	16	static
../source/OLED_FACE.c:126:6:on	8	static
../source/OLED_FACE.c:130:6:off	8	static
../source/OLED_FACE.c:134:6:OLED_sleep	8	static
../source/OLED_FACE.c:140:6:Wake_up	8	static
../source/OLED_FACE.c:147:9:SPI_send_receive	16	static
../source/OLED_FACE.c:159:6:setOrientation	32	static
../source/OLED_FACE.c:191:6:set_Disp_Window	32	static
../source/OLED_FACE.c:202:6:drawPixel	24	static
../source/OLED_FACE.c:209:6:drawLine	24	static
../source/OLED_FACE.c:219:6:drawLine1	32	static
../source/OLED_FACE.c:229:6:drawpixels	16	static
../source/OLED_FACE.c:235:6:drawfaceRGB	48	static
../source/OLED_FACE.c:247:6:drawPart	40	static
../source/OLED_FACE.c:313:6:delay_ms	24	static
